{
  "success": true,
  "data": {
    "id": 1,
    "name": "John Doe",
    "email": "john@example.com",
    "roles": [
      "user",
      "admin"
    ],
    "metadata": {
      "createdAt": "2024-01-01T00:00:00.000Z",
      "updatedAt": "2024-01-02T00:00:00.000Z"
    }
  },
  "timestamp": "2024-01-01T00:00:00.000Z"
}